---
source: src/test.rs
---
Black plays at (0, 3)... => Ok(None)
                           │                                                        │                           
╶──┬─────┬─────┬─────┬────[1m[96m↓[22m01[39m ╶──┬─────┬─────┬─────┐     ╶──┬─────┬─────┬────[1m[96m↑[22m03[39m───[1m[96m↓[22m01[39m ╶──┬─────┬─────┬─────┐   
   │     │     │     │           │     │     │     │        │     │     │     │           │     │     │     │   
   │     │     │     │     │     │     │     │     │        │     │     │     │     │     │     │     │     │   
╶──┼─────┼─────┼─────┼────[1m[93m→[22m02[39m ╶──┼─────┼─────┼─────┤     ╶──┼─────┼─────┼─────┼────[1m[93m→[22m02[39m ╶──┼─────┼─────┼─────┤   
   │     │     │     │     │     │     │     │     │        │     │     │     │     │     │     │     │     │   
   │     │     │     │     │     │     │     │     │        │     │     │     │     │     │     │     │     │   
╶──┼─────┼─────┼─────┼─────┤  ╶──┼─────┼─────┼─────┤     ╶──┼─────┼─────┼─────┼─────┤  ╶──┼─────┼─────┼─────┤   
   │     │     │     │     │     │     │     │     │        │     │     │     │     │     │     │     │     │   
   │     │     │     │     │     │     │     │     │        │     │     │     │     │     │     │     │     │   
╶──┼─────┼─────┼─────┼─────┤  ╶──┼─────┼─────┼─────┤     ╶──┼─────┼─────┼─────┼─────┤  ╶──┼─────┼─────┼─────┤   
   │     │     │     │     │     │     │     │     │        │     │     │     │     │     │     │     │     │   
   │     │     │     │     │     │     │     │     │        │     │     │     │     │     │     │     │     │   
╶──┼─────┼─────┼─────┼─────┤  ╶──┼─────┼─────┼─────┤     ╶──┼─────┼─────┼─────┼─────┤  ╶──┼─────┼─────┼─────┤   
   │     │     │     │     │     │     │     │     │        │     │     │     │     │     │     │     │     │   
   │     │     │     │     │     │     │     │     │        │     │     │     │     │     │     │     │     │   
   ├─────┼─────┼─────┼─────┼─────┼─────┼─────┼─────┤        ├─────┼─────┼─────┼─────┼─────┼─────┼─────┼─────┤   
   │     │     │     │     │     │     │     │     │        │     │     │     │     │     │     │     │     │   
   │     │     │     │     │     │     │     │     │        │     │     │     │     │     │     │     │     │   
   ├─────┼─────┼─────┼─────┼─────┼─────┼─────┼─────┤        ├─────┼─────┼─────┼─────┼─────┼─────┼─────┼─────┤   
   │     │     │     │     │     │     │     │     │        │     │     │     │     │     │     │     │     │   
   │     │     │     │     │     │     │     │     │        │     │     │     │     │     │     │     │     │   
   ├─────┼─────┼─────┼─────┼─────┼─────┼─────┼─────┤        ├─────┼─────┼─────┼─────┼─────┼─────┼─────┼─────┤   
   │     │     │     │     │     │     │     │     │        │     │     │     │     │     │     │     │     │   
   │     │     │     │     │     │     │     │     │        │     │     │     │     │     │     │     │     │   
   └─────┴─────┴─────┴─────┴─────┴─────┴─────┴─────┘        └─────┴─────┴─────┴─────┴─────┴─────┴─────┴─────┘   
                                                                                                                
[0m   Black to play...                                      [0m   Black to spin...
