---
source: src/test.rs
---
White plays at (0, 0)... => Err(PieceAlreadyThere)
                                                                                                                
╶─[1m[96m→[22m01[39m ╶──┬─────┬─────┬─────┬─────┬─────┬─────┬─────┐     ╶─[1m[96m→[22m01[39m ╶──┬─────┬─────┬─────┬─────┬─────┬─────┬─────┐   
   │     │     │     │     │     │     │     │     │        │     │     │     │     │     │     │     │     │   
   │     │     │     │     │     │     │     │     │        │     │     │     │     │     │     │     │     │   
   ├─────┼─────┼─────┼─────┼─────┼─────┼─────┼─────┤        ├─────┼─────┼─────┼─────┼─────┼─────┼─────┼─────┤   
   │     │     │     │     │     │     │     │     │        │     │     │     │     │     │     │     │     │   
   │     │     │     │     │     │     │     │     │        │     │     │     │     │     │     │     │     │   
   ├─────┼─────┼─────┼─────┼─────┼─────┼─────┼─────┤        ├─────┼─────┼─────┼─────┼─────┼─────┼─────┼─────┤   
   │     │     │     │     │     │     │     │     │        │     │     │     │     │     │     │     │     │   
   │     │     │     │     │     │     │     │     │        │     │     │     │     │     │     │     │     │   
   ├─────┼─────┼─────┼─────┼─────┼─────┼─────┼─────┤        ├─────┼─────┼─────┼─────┼─────┼─────┼─────┼─────┤   
   │     │     │     │     │     │     │     │     │        │     │     │     │     │     │     │     │     │   
   │     │     │     │     │     │     │     │     │        │     │     │     │     │     │     │     │     │   
   ├─────┼─────┼─────┼─────┼─────┼─────┼─────┼─────┤        ├─────┼─────┼─────┼─────┼─────┼─────┼─────┼─────┤   
   │     │     │     │     │     │     │     │     │        │     │     │     │     │     │     │     │     │   
   │     │     │     │     │     │     │     │     │        │     │     │     │     │     │     │     │     │   
   ├─────┼─────┼─────┼─────┼─────┼─────┼─────┼─────┤        ├─────┼─────┼─────┼─────┼─────┼─────┼─────┼─────┤   
   │     │     │     │     │     │     │     │     │        │     │     │     │     │     │     │     │     │   
   │     │     │     │     │     │     │     │     │        │     │     │     │     │     │     │     │     │   
   ├─────┼─────┼─────┼─────┼─────┼─────┼─────┼─────┤        ├─────┼─────┼─────┼─────┼─────┼─────┼─────┼─────┤   
   │     │     │     │     │     │     │     │     │        │     │     │     │     │     │     │     │     │   
   │     │     │     │     │     │     │     │     │        │     │     │     │     │     │     │     │     │   
   ├─────┼─────┼─────┼─────┼─────┼─────┼─────┼─────┤        ├─────┼─────┼─────┼─────┼─────┼─────┼─────┼─────┤   
   │     │     │     │     │     │     │     │     │        │     │     │     │     │     │     │     │     │   
   │     │     │     │     │     │     │     │     │        │     │     │     │     │     │     │     │     │   
   └─────┴─────┴─────┴─────┴─────┴─────┴─────┴─────┘        └─────┴─────┴─────┴─────┴─────┴─────┴─────┴─────┘   
                                                                                                                
[0m   White to play...                                      [0m   White to play...
