---
source: tests/test.rs
---
Black plays at (0, 0)... => Ok(None)
                                                                                                                
   ┌─────┬─────┬─────┬─────┬─────┬─────┬─────┬─────┐       [1m[96m↑[22m01[39;49m────┬─────┬─────┬─────┬─────┬─────┬─────┬─────┐   
   │     │     │     │     │     │     │     │     │        │     │     │     │     │     │     │     │     │   
   │     │     │     │     │     │     │     │     │        │     │     │     │     │     │     │     │     │   
   ├─────┼─────┼─────┼─────┼─────┼─────┼─────┼─────┤        ├─────┼─────┼─────┼─────┼─────┼─────┼─────┼─────┤   
   │     │     │     │     │     │     │     │     │        │     │     │     │     │     │     │     │     │   
   │     │     │     │     │     │     │     │     │        │     │     │     │     │     │     │     │     │   
   ├─────┼─────┼─────┼─────┼─────┼─────┼─────┼─────┤        ├─────┼─────┼─────┼─────┼─────┼─────┼─────┼─────┤   
   │     │     │     │     │     │     │     │     │        │     │     │     │     │     │     │     │     │   
   │     │     │     │     │     │     │     │     │        │     │     │     │     │     │     │     │     │   
   ├─────┼─────┼─────┼─────┼─────┼─────┼─────┼─────┤        ├─────┼─────┼─────┼─────┼─────┼─────┼─────┼─────┤   
   │     │     │     │     │     │     │     │     │        │     │     │     │     │     │     │     │     │   
   │     │     │     │     │     │     │     │     │        │     │     │     │     │     │     │     │     │   
   ├─────┼─────┼─────┼─────┼─────┼─────┼─────┼─────┤        ├─────┼─────┼─────┼─────┼─────┼─────┼─────┼─────┤   
   │     │     │     │     │     │     │     │     │        │     │     │     │     │     │     │     │     │   
   │     │     │     │     │     │     │     │     │        │     │     │     │     │     │     │     │     │   
   ├─────┼─────┼─────┼─────┼─────┼─────┼─────┼─────┤        ├─────┼─────┼─────┼─────┼─────┼─────┼─────┼─────┤   
   │     │     │     │     │     │     │     │     │        │     │     │     │     │     │     │     │     │   
   │     │     │     │     │     │     │     │     │        │     │     │     │     │     │     │     │     │   
   ├─────┼─────┼─────┼─────┼─────┼─────┼─────┼─────┤        ├─────┼─────┼─────┼─────┼─────┼─────┼─────┼─────┤   
   │     │     │     │     │     │     │     │     │        │     │     │     │     │     │     │     │     │   
   │     │     │     │     │     │     │     │     │        │     │     │     │     │     │     │     │     │   
   ├─────┼─────┼─────┼─────┼─────┼─────┼─────┼─────┤        ├─────┼─────┼─────┼─────┼─────┼─────┼─────┼─────┤   
   │     │     │     │     │     │     │     │     │        │     │     │     │     │     │     │     │     │   
   │     │     │     │     │     │     │     │     │        │     │     │     │     │     │     │     │     │   
   └─────┴─────┴─────┴─────┴─────┴─────┴─────┴─────┘        └─────┴─────┴─────┴─────┴─────┴─────┴─────┴─────┘   
                                                                                                                
[0m   Black to play...                                      [0m   Black to spin...
   2 to win.                                                2 to win.
