---
source: tests/test.rs
---
White spins from (0, 0) 1 tile CW... => Err(SpinDuringPlayPhase)
                                                                                                                
╶─[1m[96m→[22m01[39;49m ╶──┬─────┬─────┬─────┬─────┬─────┬─────┬─────┐     ╶─[1m[96m→[22m01[39;49m ╶──┬─────┬─────┬─────┬─────┬─────┬─────┬─────┐   
   │     │     │     │     │     │     │     │     │        │     │     │     │     │     │     │     │     │   
   │     │     │     │     │     │     │     │     │        │     │     │     │     │     │     │     │     │   
   ├─────┼─────┼─────┼─────┼─────┼─────┼─────┼─────┤        ├─────┼─────┼─────┼─────┼─────┼─────┼─────┼─────┤   
   │     │     │     │     │     │     │     │     │        │     │     │     │     │     │     │     │     │   
   │     │     │     │     │     │     │     │     │        │     │     │     │     │     │     │     │     │   
   ├─────┼─────┼─────┼─────┼─────┼─────┼─────┼─────┤        ├─────┼─────┼─────┼─────┼─────┼─────┼─────┼─────┤   
   │     │     │     │     │     │     │     │     │        │     │     │     │     │     │     │     │     │   
   │     │     │     │     │     │     │     │     │        │     │     │     │     │     │     │     │     │   
   ├─────┼─────┼─────┼─────┼─────┼─────┼─────┼─────┤        ├─────┼─────┼─────┼─────┼─────┼─────┼─────┼─────┤   
   │     │     │     │     │     │     │     │     │        │     │     │     │     │     │     │     │     │   
   │     │     │     │     │     │     │     │     │        │     │     │     │     │     │     │     │     │   
   ├─────┼─────┼─────┼─────┼─────┼─────┼─────┼─────┤        ├─────┼─────┼─────┼─────┼─────┼─────┼─────┼─────┤   
   │     │     │     │     │     │     │     │     │        │     │     │     │     │     │     │     │     │   
   │     │     │     │     │     │     │     │     │        │     │     │     │     │     │     │     │     │   
   ├─────┼─────┼─────┼─────┼─────┼─────┼─────┼─────┤        ├─────┼─────┼─────┼─────┼─────┼─────┼─────┼─────┤   
   │     │     │     │     │     │     │     │     │        │     │     │     │     │     │     │     │     │   
   │     │     │     │     │     │     │     │     │        │     │     │     │     │     │     │     │     │   
   ├─────┼─────┼─────┼─────┼─────┼─────┼─────┼─────┤        ├─────┼─────┼─────┼─────┼─────┼─────┼─────┼─────┤   
   │     │     │     │     │     │     │     │     │        │     │     │     │     │     │     │     │     │   
   │     │     │     │     │     │     │     │     │        │     │     │     │     │     │     │     │     │   
   ├─────┼─────┼─────┼─────┼─────┼─────┼─────┼─────┤        ├─────┼─────┼─────┼─────┼─────┼─────┼─────┼─────┤   
   │     │     │     │     │     │     │     │     │        │     │     │     │     │     │     │     │     │   
   │     │     │     │     │     │     │     │     │        │     │     │     │     │     │     │     │     │   
   └─────┴─────┴─────┴─────┴─────┴─────┴─────┴─────┘        └─────┴─────┴─────┴─────┴─────┴─────┴─────┴─────┘   
                                                                                                                
[0m   White to play...                                      [0m   White to play...
   Need 2 to win.                                           Need 2 to win.
