---
source: tests/test.rs
---
Black spins from (0, 0) 1 tile CW... => Ok(None)
                                                                                                                
  [1m[96m↑[22m01[39;49m────┬─────┬─────┬─────┬─────┬─────┬─────┬─────┐     ╶─[1m[96m→[22m01[39;49m ╶──┬─────┬─────┬─────┬─────┬─────┬─────┬─────┐   
   │     │     │     │     │     │     │     │     │        │     │     │     │     │     │     │     │     │   
   │     │     │     │     │     │     │     │     │        │     │     │     │     │     │     │     │     │   
   ├─────┼─────┼─────┼─────┼─────┼─────┼─────┼─────┤        ├─────┼─────┼─────┼─────┼─────┼─────┼─────┼─────┤   
   │     │     │     │     │     │     │     │     │        │     │     │     │     │     │     │     │     │   
   │     │     │     │     │     │     │     │     │        │     │     │     │     │     │     │     │     │   
   ├─────┼─────┼─────┼─────┼─────┼─────┼─────┼─────┤        ├─────┼─────┼─────┼─────┼─────┼─────┼─────┼─────┤   
   │     │     │     │     │     │     │     │     │        │     │     │     │     │     │     │     │     │   
   │     │     │     │     │     │     │     │     │        │     │     │     │     │     │     │     │     │   
   ├─────┼─────┼─────┼─────┼─────┼─────┼─────┼─────┤        ├─────┼─────┼─────┼─────┼─────┼─────┼─────┼─────┤   
   │     │     │     │     │     │     │     │     │        │     │     │     │     │     │     │     │     │   
   │     │     │     │     │     │     │     │     │        │     │     │     │     │     │     │     │     │   
   ├─────┼─────┼─────┼─────┼─────┼─────┼─────┼─────┤        ├─────┼─────┼─────┼─────┼─────┼─────┼─────┼─────┤   
   │     │     │     │     │     │     │     │     │        │     │     │     │     │     │     │     │     │   
   │     │     │     │     │     │     │     │     │        │     │     │     │     │     │     │     │     │   
   ├─────┼─────┼─────┼─────┼─────┼─────┼─────┼─────┤        ├─────┼─────┼─────┼─────┼─────┼─────┼─────┼─────┤   
   │     │     │     │     │     │     │     │     │        │     │     │     │     │     │     │     │     │   
   │     │     │     │     │     │     │     │     │        │     │     │     │     │     │     │     │     │   
   ├─────┼─────┼─────┼─────┼─────┼─────┼─────┼─────┤        ├─────┼─────┼─────┼─────┼─────┼─────┼─────┼─────┤   
   │     │     │     │     │     │     │     │     │        │     │     │     │     │     │     │     │     │   
   │     │     │     │     │     │     │     │     │        │     │     │     │     │     │     │     │     │   
   ├─────┼─────┼─────┼─────┼─────┼─────┼─────┼─────┤        ├─────┼─────┼─────┼─────┼─────┼─────┼─────┼─────┤   
   │     │     │     │     │     │     │     │     │        │     │     │     │     │     │     │     │     │   
   │     │     │     │     │     │     │     │     │        │     │     │     │     │     │     │     │     │   
   └─────┴─────┴─────┴─────┴─────┴─────┴─────┴─────┘        └─────┴─────┴─────┴─────┴─────┴─────┴─────┴─────┘   
                                                                                                                
[0m   Black to spin...                                      [0m   White to play...
   2 to win.                                                2 to win.
